// Jest Snapshot v1, https://goo.gl/fbAQLP

exports[`Custom Modal matches the snapshot 1`] = `
.emotion-17 {
  -webkit-user-select: none;
  -moz-user-select: none;
  -ms-user-select: none;
  user-select: none;
  width: 1em;
  height: 1em;
  display: inline-block;
  fill: currentColor;
  -webkit-flex-shrink: 0;
  -ms-flex-negative: 0;
  flex-shrink: 0;
  -webkit-transition: fill 200ms cubic-bezier(0.4, 0, 0.2, 1) 0ms;
  transition: fill 200ms cubic-bezier(0.4, 0, 0.2, 1) 0ms;
  font-size: 1.5rem;
  color: #2E1A47;
  width: 24px;
  height: 24px;
}

<body
  tabindex="-1"
>
  <div>
    <div
      class="emotion-0 r-flex-13awgt0"
    />
  </div>
  <div>
    <div
      class="r-animationDuration-1ielgck r-animationKeyframes-xx3c9p r-animationTimingFunction-1uypc71 r-bottom-1p0dtai r-left-1d2f490 r-opacity-6dt33c r-position-1xcajam r-right-zchlnj r-top-ipm5af r-zIndex-sfbmgh"
    >
      <div
        class="r-outlineStyle-1ny4l3l"
        role="presentation"
        tabindex="0"
      />
      <div
        class="emotion-0"
      >
        <div
          aria-modal="true"
          class="emotion-0 r-backgroundColor-1niwhzg r-bottom-1p0dtai r-left-1d2f490 r-position-1xcajam r-right-zchlnj r-top-ipm5af"
        >
          <div
            class="emotion-0 r-flex-13awgt0 r-top-ipm5af"
          >
            <div
              class="emotion-0 r-bottom-1p0dtai r-left-1d2f490 r-opacity-orgf3d r-pointerEvents-12vffkv r-position-u8s1d r-right-zchlnj r-top-ipm5af"
              style="transform: translateY(0px) translateX(0px) scale(1) scaleX(1) scaleY(1) rotate(0deg);"
            >
              <div
                class="emotion-0 r-backgroundColor-kemksi r-bottom-1p0dtai r-cursor-7q8q6z r-left-1d2f490 r-opacity-todpsx r-position-u8s1d r-right-zchlnj r-top-ipm5af r-touchAction-1otgn73"
                tabindex="0"
              />
            </div>
            <div
              class="emotion-0 r-bottom-1p0dtai r-left-1d2f490 r-opacity-orgf3d r-pointerEvents-12vffkv r-position-u8s1d r-right-zchlnj r-top-ipm5af"
              style="transform: translateY(0px) translateX(0px) scale(1) scaleX(1) scaleY(1) rotate(0deg);"
            >
              <span
                data-focus-scope-start="true"
                hidden=""
              />
              <div
                class="emotion-0 r-alignItems-1awozwy r-height-1pi2tsx r-justifyContent-1777fci r-pointerEvents-12vffkv r-width-13qz1uu"
              >
                <div
                  class="emotion-0 r-backgroundColor-14lw9ot r-flexDirection-18u37iz r-width-1y0psj5"
                >
                  <div
                    class="emotion-0 r-alignItems-1oszu61 r-paddingBottom-xd6kpl r-paddingLeft-1m04atk r-paddingRight-1pyaxff r-paddingTop-tskmnb r-width-12kfsgm"
                  >
                    <div
                      class="emotion-0 r-flex-13awgt0 r-flexBasis-1mlwlqe r-overflow-1udh08x r-zIndex-417010"
                      style="max-width: 100%;"
                    >
                      <div
                        class="emotion-0 r-backgroundColor-1niwhzg r-backgroundPosition-vvn4in r-backgroundRepeat-u6sd8q r-backgroundSize-4gszlv r-bottom-1p0dtai r-height-1pi2tsx r-left-1d2f490 r-position-u8s1d r-right-zchlnj r-top-ipm5af r-width-13qz1uu r-zIndex-1wyyakw"
                      />
                    </div>
                  </div>
                  <div
                    class="emotion-0 r-alignItems-1oszu61 r-paddingBottom-11rk87y r-paddingLeft-1hxq0ab r-paddingRight-gtt5ci r-paddingTop-fd4yh7 r-width-1euk07n"
                  >
                    <div
                      class="emotion-0"
                    >
                      <div
                        class="emotion-0 r-borderBottomWidth-ndvcnb r-flexDirection-18u37iz r-marginBottom-1ifxtd0 r-paddingBottom-1mdbw0j r-paddingLeft-gy4na3 r-paddingRight-9aemit r-paddingTop-wk8lta"
                      >
                        <div
                          class="emotion-15 r-color-1njgeiw r-flex-13awgt0 r-fontSize-1ra0lkn r-fontStyle-13uqrnb r-fontWeight-b88u0q r-letterSpacing-oxtfae r-lineHeight-nwxazl r-textAlign-fdjqy7"
                          data-testid="TitleTestId"
                          dir="auto"
                        >
                          Test Title
                        </div>
                        <div
                          class="emotion-0 r-alignItems-1awozwy r-cursor-1loqt21 r-height-eu3ka r-justifyContent-1777fci r-touchAction-1otgn73 r-width-1aockid"
                          data-focusvisible-polyfill="true"
                          data-testid="CloseButtonTestId"
                          style="box-shadow: #22d3ee 0px 0px 0px 2px; outline-width: 0px;"
                          tabindex="0"
                        >
                          <svg
                            aria-hidden="true"
                            class="MuiSvgIcon-root MuiSvgIcon-fontSizeMedium emotion-17"
                            data-testid="CloseIcon"
                            focusable="false"
                            viewBox="0 0 24 24"
                          >
                            <path
                              d="M19 6.41 17.59 5 12 10.59 6.41 5 5 6.41 10.59 12 5 17.59 6.41 19 12 13.41 17.59 19 19 17.59 13.41 12z"
                            />
                          </svg>
                        </div>
                      </div>
                      <div
                        class="emotion-0 r-paddingBottom-1mdbw0j r-paddingLeft-gy4na3 r-paddingRight-9aemit r-paddingTop-wk8lta"
                      >
                        <div
                          class="emotion-15 r-color-1njgeiw r-fontSize-1x35g6 r-fontStyle-13uqrnb r-fontWeight-16dba41 r-letterSpacing-oxtfae r-lineHeight-2agvir r-textAlign-fdjqy7"
                          dir="auto"
                        >
                          Lorem ipsum.
                        </div>
                      </div>
                    </div>
                    <div
                      class="emotion-0 r-borderTopWidth-13yce4e r-flexDirection-1euycsn r-justifyContent-1h0z5md r-marginTop-1v1z2uz r-paddingBottom-1mdbw0j r-paddingLeft-gy4na3 r-paddingRight-9aemit r-paddingTop-wk8lta"
                      data-testid="ActionButtonContainerTestId"
                    >
                      <div
                        aria-label="Primary Button"
                        class="emotion-21 emotion-0 r-alignItems-1awozwy r-alignSelf-1kihuf0 r-backgroundColor-1q56jx2 r-borderColor-1onh70h r-borderRadius-z2wwpe r-borderStyle-1phboty r-borderWidth-d045u9 r-cursor-1loqt21 r-height-yq7r3z r-justifyContent-1777fci r-minHeight-j5ldn5 r-paddingHorizontal-2q4g5t r-shadow-f5u5bj r-touchAction-1otgn73"
                        role="button"
                        tabindex="0"
                      >
                        <div
                          class="emotion-15 r-color-jwli3a r-fontFamily-v9d72p r-fontSize-1x35g6 r-fontWeight-b88u0q r-userSelect-lrvibr"
                          dir="auto"
                        >
                          Primary Button
                        </div>
                      </div>
                      <div
                        aria-label="Secondary Button"
                        class="emotion-21 emotion-0 r-alignItems-1awozwy r-alignSelf-1kihuf0 r-backgroundColor-14lw9ot r-borderColor-1onh70h r-borderRadius-z2wwpe r-borderStyle-1phboty r-borderWidth-1d6rzhh r-cursor-1loqt21 r-height-yq7r3z r-justifyContent-1777fci r-marginRight-3691iy r-minHeight-j5ldn5 r-paddingHorizontal-2q4g5t r-shadow-f5u5bj r-touchAction-1otgn73"
                        role="button"
                        tabindex="0"
                      >
                        <div
                          class="emotion-15 r-color-cq6wur r-fontFamily-v9d72p r-fontSize-1x35g6 r-fontWeight-b88u0q r-userSelect-lrvibr"
                          dir="auto"
                        >
                          Secondary Button
                        </div>
                      </div>
                    </div>
                  </div>
                </div>
              </div>
              <span
                data-focus-scope-end="true"
                hidden=""
              />
            </div>
          </div>
        </div>
      </div>
      <div
        class="r-outlineStyle-1ny4l3l"
        role="presentation"
        tabindex="0"
      />
    </div>
  </div>
  <div
    style="position: fixed; left: 0px; top: 0px; width: 0px; height: 0px; z-index: -1; overflow: hidden; visibility: hidden; transition-duration: 0.05s; transition-property: padding; transition-delay: 0s;"
  />
</body>
`;
